OS LAB 1 | Wang Xusheng | 24281204 | 06-cd
CURRENT RUN
2026-10-07T01:08:08Z
$ printf %s 'pwd
cd /workspace/scratch/876e69c55179/myshell/tests/tmp
pwd
cd /not_exist
pwd
exit
' | script -q -e -c ./myshell /dev/null
pwd
cd /workspace/scratch/876e69c55179/myshell/tests/tmp
pwd
cd /not_exist
pwd
exit
[OS-LAB1] myshell$ /workspace/scratch/876e69c55179/myshell
[OS-LAB1] myshell$ [OS-LAB1] myshell$ /workspace/scratch/876e69c55179/myshell/tests/tmp
[OS-LAB1] myshell$ cd: No such file or directory
[OS-LAB1] myshell$ /workspace/scratch/876e69c55179/myshell/tests/tmp
[OS-LAB1] myshell$ 
[actual command status: 0]
