OS LAB 1 | Wang Xusheng | 24281204 | 08-redirection
CURRENT RUN
2026-10-07T01:08:10Z
$ printf %s 'echo hello > tests/tmp/screenshot-out.txt
echo world >> tests/tmp/screenshot-out.txt
cat < tests/tmp/screenshot-out.txt
cat tests/tmp/screenshot-out.txt
exit
' | script -q -e -c ./myshell /dev/null
echo hello > tests/tmp/screenshot-out.txt
echo world >> tests/tmp/screenshot-out.txt
cat < tests/tmp/screenshot-out.txt
cat tests/tmp/screenshot-out.txt
exit
[OS-LAB1] myshell$ [OS-LAB1] myshell$ [OS-LAB1] myshell$ hello
world
[OS-LAB1] myshell$ hello
world
[OS-LAB1] myshell$ 
[actual command status: 0]
