
CASE cat multiple files
INPUT:
echo alpha > multi-a
echo beta > multi-b
cat multi-a multi-b

STDOUT='alpha\nbeta\n'
STDERR=''
EXIT=0
PASS

CASE cat continues after missing file
INPUT:
cat audit-no-file multi-b

STDOUT='beta\n'
STDERR='audit-no-file: No such file or directory\n'
EXIT=1
PASS

CASE touch multiple files
INPUT:
touch multi-new-a multi-new-b

STDOUT=''
STDERR=''
EXIT=0
PASS

CASE rm multiple files
INPUT:
rm multi-new-a multi-new-b

STDOUT=''
STDERR=''
EXIT=0
PASS

CASE HOME remains one argument
INPUT:
echo $HOME
cd $HOME
pwd

STDOUT='/workspace/scratch/876e69c55179/myshell/tests/tmp/home with spaces\n/workspace/scratch/876e69c55179/myshell/tests/tmp/home with spaces\n'
STDERR=''
EXIT=0
PASS

CASE empty HOME preserved
INPUT:
echo $HOME
cd

STDOUT='\n'
STDERR='cd: No such file or directory\n'
EXIT=1
PASS

CASE empty PATH preserved
INPUT:
echo $PATH

STDOUT='\n'
STDERR=''
EXIT=0
PASS

CASE right pipeline input overrides pipe
INPUT:
echo ignored | cat < multi-a

STDOUT='alpha\n'
STDERR=''
EXIT=0
PASS

CASE duplicate input rejected
INPUT:
cat < multi-a < multi-b
echo alive

STDOUT='alive\n'
STDERR='parse: invalid syntax, duplicate redirection or too many arguments\n'
EXIT=0
PASS

CASE external append
INPUT:
printf one > ext-append
printf two >> ext-append
cat ext-append

STDOUT='onetwo'
STDERR=''
EXIT=0
PASS

CASE exec permission failure returns 126
INPUT:
./not-executable

STDOUT=''
STDERR='./not-executable: Permission denied\n'
EXIT=126
PASS

CASE unsupported syntax echo a;b
INPUT:
echo a;b
echo alive

STDOUT='alive\n'
STDERR='parse: quotes, escapes, ; and & are unsupported\n'
EXIT=0
PASS

CASE unsupported syntax echo a&b
INPUT:
echo a&b
echo alive

STDOUT='alive\n'
STDERR='parse: quotes, escapes, ; and & are unsupported\n'
EXIT=0
PASS

CASE unsupported syntax echo a\b
INPUT:
echo a\b
echo alive

STDOUT='alive\n'
STDERR='parse: quotes, escapes, ; and & are unsupported\n'
EXIT=0
PASS

CASE unsupported syntax echo 'a'
INPUT:
echo 'a'
echo alive

STDOUT='alive\n'
STDERR='parse: quotes, escapes, ; and & are unsupported\n'
EXIT=0
PASS

CASE other variable forms literal
INPUT:
echo ${HOME} $OTHER #comment

STDOUT='${HOME} $OTHER #comment\n'
STDERR=''
EXIT=0
PASS

CASE EOF returns last error
INPUT:
unknown_command

STDOUT=''
STDERR='unknown_command: No such file or directory\n'
EXIT=127
PASS

CASE blank line resets status
INPUT:
unknown_command


STDOUT=''
STDERR='unknown_command: No such file or directory\n'
EXIT=0
PASS
PTY TRANSCRIPT:
pwd
cd /not_exist
cat not_exist.txt
rm not_exist.txt
unknown_command
echo alive
exit
[OS-LAB1] myshell$ /workspace/scratch/876e69c55179/myshell/tests/tmp
[OS-LAB1] myshell$ cd: No such file or directory
[OS-LAB1] myshell$ not_exist.txt: No such file or directory
[OS-LAB1] myshell$ not_exist.txt: No such file or directory
[OS-LAB1] myshell$ unknown_command: No such file or directory
[OS-LAB1] myshell$ alive
[OS-LAB1] myshell$ 
TOTAL PASS 18 additional subprocess cases + PTY check
