make: Nothing to be done for 'all'.

CASE ls
INPUT:
ls
exit

STDOUT='cat-input.txt\ncd-out\ncopy.txt\ncount.txt\nexternal.txt\nnew.txt\norder.txt\nout.txt\npathbin\npipe-input\npipe-out\nrepeat.txt\ntrace\nwords.txt\n'
STDERR=''
EXIT=0
PASS

CASE ls -l
INPUT:
ls -l
exit

STDOUT='total 48\n-rw-r--r-- 1 root root   11 Oct  2 19:51 cat-input.txt\n-rw-r--r-- 1 root root    0 Oct  2 19:51 cd-out\n-rw-r--r-- 1 root root    6 Oct  2 19:51 copy.txt\n-rw-r--r-- 1 root root    2 Oct  2 19:51 count.txt\n-rw-r--r-- 1 root root    8 Oct  2 19:51 external.txt\n-rw-r--r-- 1 root root    0 Oct  2 19:51 new.txt\n-rw-r--r-- 1 root root    7 Oct  2 19:51 order.txt\n-rw-r--r-- 1 root root    6 Oct  2 19:51 out.txt\ndrwxr-xr-x 2 root root 4096 Oct  2 18:38 pathbin\n-rw-r--r-- 1 root root   12 Oct  2 19:51 pipe-input\n-rw-r--r-- 1 root root    5 Oct  2 19:51 pipe-out\n-rw-r--r-- 1 root root    3 Oct  2 19:51 repeat.txt\ndrwxr-xr-x 2 root root 4096 Oct  2 18:43 trace\n-rw-r--r-- 1 root root    2 Oct  2 19:51 words.txt\n'
STDERR=''
EXIT=0
PASS

CASE whoami
INPUT:
whoami
exit

STDOUT='root\n'
STDERR=''
EXIT=0
PASS

CASE uname -a
INPUT:
uname -a
exit

STDOUT='Linux b993f57a8b48 6.18.44 #1 SMP Sat Sep 26 20:02:31 UTC 2026 x86_64 x86_64 x86_64 GNU/Linux\n'
STDERR=''
EXIT=0
PASS

CASE echo hello
INPUT:
echo hello
exit

STDOUT='hello\n'
STDERR=''
EXIT=0
PASS

CASE unknown continues
INPUT:
unknown_command
echo alive
exit

STDOUT='alive\n'
STDERR='unknown_command: No such file or directory\n'
EXIT=0
PASS

CASE empty and EOF
INPUT:

	

STDOUT=''
STDERR=''
EXIT=0
PASS

CASE exit arguments
INPUT:
exit bad
echo alive
exit

STDOUT='alive\n'
STDERR='exit: no arguments supported\n'
EXIT=0
PASS

CASE argument limit
INPUT:
echo a a a a a a a a a a a a a a a a a a a a a a a a a a a a a a a a a a a a a a a a a a a a a a a a a a a a a a a a a a a a a a a a a a a a a a a a a a a a a a a a a a a a a a a a a a a a a a a a a a a a a a a a a a a a a a a a a a a a a a a a a a a a a a a a a a 
echo alive
exit

STDOUT='alive\n'
STDERR='parse: invalid syntax, duplicate redirection or too many arguments\n'
EXIT=0
PASS

CASE cd parent
INPUT:
cd /workspace/scratch/876e69c55179/myshell
/bin/pwd
exit

STDOUT='/workspace/scratch/876e69c55179/myshell\n'
STDERR=''
EXIT=0
PASS

CASE cd error
INPUT:
cd /not_exist
echo alive
exit

STDOUT='alive\n'
STDERR='cd: No such file or directory\n'
EXIT=0
PASS

CASE cd arity
INPUT:
cd a b

STDOUT=''
STDERR='cd: expected zero or one path\n'
EXIT=2
PASS

CASE pwd
INPUT:
pwd
cd /workspace/scratch/876e69c55179/myshell
pwd
exit

STDOUT='/workspace/scratch/876e69c55179/myshell/tests/tmp\n/workspace/scratch/876e69c55179/myshell\n'
STDERR=''
EXIT=0
PASS

CASE pwd arity
INPUT:
pwd extra
echo alive
exit

STDOUT='alive\n'
STDERR='pwd: no arguments supported\n'
EXIT=0
PASS

CASE echo spaces
INPUT:
echo one two
echo
echo -n literal
exit

STDOUT='one two\n\n-n literal\n'
STDERR=''
EXIT=0
PASS

CASE echo excessive arguments
INPUT:
echo x x x x x x x x x x x x x x x x x x x x x x x x x x x x x x x x x x x x x x x x x x x x x x x x x x x x x x x x x x x x x x x x x x x x x x x x x x x x x x x x x x x x x x x x x x x x x x x x x x x x x x x x x x x x x x x x x x x x x x x x x x x x x x x x x x 
echo alive
exit

STDOUT='alive\n'
STDERR='parse: invalid syntax, duplicate redirection or too many arguments\n'
EXIT=0
PASS

CASE cat file
INPUT:
cat cat-input.txt
exit

STDOUT='alpha\nbeta\n'
STDERR=''
EXIT=0
PASS

CASE cat error
INPUT:
cat not_exist.txt
echo alive
exit

STDOUT='alive\n'
STDERR='not_exist.txt: No such file or directory\n'
EXIT=0
PASS

CASE cat directory
INPUT:
cat .

STDOUT=''
STDERR='cat: read: Is a directory\n'
EXIT=1
PASS

CASE touch create
INPUT:
touch new.txt
exit

STDOUT=''
STDERR=''
EXIT=0
PASS

CASE touch preserve
INPUT:
touch cat-input.txt
cat cat-input.txt
exit

STDOUT='alpha\nbeta\n'
STDERR=''
EXIT=0
PASS

CASE touch error
INPUT:
touch missing-dir/file
echo alive
exit

STDOUT='alive\n'
STDERR='missing-dir/file: No such file or directory\n'
EXIT=0
PASS

CASE touch arity
INPUT:
touch

STDOUT=''
STDERR='touch: expected file(s)\n'
EXIT=2
PASS

CASE rm file
INPUT:
touch remove.txt
rm remove.txt
exit

STDOUT=''
STDERR=''
EXIT=0
PASS

CASE rm error
INPUT:
rm not_exist.txt
echo alive
exit

STDOUT='alive\n'
STDERR='not_exist.txt: No such file or directory\n'
EXIT=0
PASS

CASE rm directory
INPUT:
rm .

STDOUT=''
STDERR='.: Is a directory\n'
EXIT=1
PASS

CASE rm arity
INPUT:
rm

STDOUT=''
STDERR='rm: expected file(s)\n'
EXIT=2
PASS

CASE HOME PATH expansion
INPUT:
echo $HOME
echo $PATH
cd
pwd
exit

STDOUT='/workspace/scratch/876e69c55179/myshell\n/usr/bin:/bin\n/workspace/scratch/876e69c55179/myshell\n'
STDERR=''
EXIT=0
PASS

CASE custom PATH lookup
INPUT:
lab-probe

STDOUT='PATH_OK'
STDERR=''
EXIT=0
PASS

CASE empty PATH lookup failure
INPUT:
whoami

STDOUT=''
STDERR='whoami: No such file or directory\n'
EXIT=127
PASS

CASE environment defaults
INPUT:
echo $HOME
echo $PATH
cd
pwd

STDOUT='/\n/usr/bin:/bin\n/\n'
STDERR=''
EXIT=0
PASS

CASE cat stdin and no read ahead
INPUT:
cat
remaining input

STDOUT='remaining input\n'
STDERR=''
EXIT=0
PASS

CASE stdio syscall ordering
INPUT:
echo first
cat order.txt

STDOUT='first\nsecond\n'
STDERR=''
EXIT=0
PASS

TOTAL PASS 33 subprocess cases; PTY checked in robust group
