970   read(3, "\177ELF\2\1\1\3\0\0\0\0\0\0\0\0\3\0>\0\1\0\0\0\220\243\2\0\0\0\0\0"..., 832) = 832
970   read(0, "p", 1)                   = 1
970   read(0, "w", 1)                   = 1
970   read(0, "d", 1)                   = 1
970   read(0, "\n", 1)                  = 1
970   write(1, "/workspace/scratch/876e69c55179/"..., 40) = 40
970   read(0, "c", 1)                   = 1
970   read(0, "d", 1)                   = 1
970   read(0, " ", 1)                   = 1
970   read(0, "/", 1)                   = 1
970   read(0, "t", 1)                   = 1
970   read(0, "m", 1)                   = 1
970   read(0, "p", 1)                   = 1
970   read(0, "\n", 1)                  = 1
970   read(0, "p", 1)                   = 1
970   read(0, "w", 1)                   = 1
970   read(0, "d", 1)                   = 1
970   read(0, "\n", 1)                  = 1
970   write(1, "/tmp\n", 5)             = 5
970   read(0, "c", 1)                   = 1
970   read(0, "d", 1)                   = 1
970   read(0, " ", 1)                   = 1
970   read(0, "/", 1)                   = 1
970   read(0, "w", 1)                   = 1
970   read(0, "o", 1)                   = 1
970   read(0, "r", 1)                   = 1
970   read(0, "k", 1)                   = 1
970   read(0, "s", 1)                   = 1
970   read(0, "p", 1)                   = 1
970   read(0, "a", 1)                   = 1
970   read(0, "c", 1)                   = 1
970   read(0, "e", 1)                   = 1
970   read(0, "/", 1)                   = 1
970   read(0, "s", 1)                   = 1
970   read(0, "c", 1)                   = 1
970   read(0, "r", 1)                   = 1
970   read(0, "a", 1)                   = 1
970   read(0, "t", 1)                   = 1
970   read(0, "c", 1)                   = 1
970   read(0, "h", 1)                   = 1
970   read(0, "/", 1)                   = 1
970   read(0, "8", 1)                   = 1
970   read(0, "7", 1)                   = 1
970   read(0, "6", 1)                   = 1
970   read(0, "e", 1)                   = 1
970   read(0, "6", 1)                   = 1
970   read(0, "9", 1)                   = 1
970   read(0, "c", 1)                   = 1
970   read(0, "5", 1)                   = 1
970   read(0, "5", 1)                   = 1
970   read(0, "1", 1)                   = 1
970   read(0, "7", 1)                   = 1
970   read(0, "9", 1)                   = 1
970   read(0, "/", 1)                   = 1
970   read(0, "m", 1)                   = 1
970   read(0, "y", 1)                   = 1
970   read(0, "s", 1)                   = 1
970   read(0, "h", 1)                   = 1
970   read(0, "e", 1)                   = 1
970   read(0, "l", 1)                   = 1
970   read(0, "l", 1)                   = 1
970   read(0, "/", 1)                   = 1
970   read(0, "t", 1)                   = 1
970   read(0, "e", 1)                   = 1
970   read(0, "s", 1)                   = 1
970   read(0, "t", 1)                   = 1
970   read(0, "s", 1)                   = 1
970   read(0, "/", 1)                   = 1
970   read(0, "t", 1)                   = 1
970   read(0, "m", 1)                   = 1
970   read(0, "p", 1)                   = 1
970   read(0, "/", 1)                   = 1
970   read(0, "t", 1)                   = 1
970   read(0, "r", 1)                   = 1
970   read(0, "a", 1)                   = 1
970   read(0, "c", 1)                   = 1
970   read(0, "e", 1)                   = 1
970   read(0, "\n", 1)                  = 1
970   read(0, "p", 1)                   = 1
970   read(0, "w", 1)                   = 1
970   read(0, "d", 1)                   = 1
970   read(0, "\n", 1)                  = 1
970   write(1, "/workspace/scratch/876e69c55179/"..., 56) = 56
970   read(0, "t", 1)                   = 1
970   read(0, "o", 1)                   = 1
970   read(0, "u", 1)                   = 1
970   read(0, "c", 1)                   = 1
970   read(0, "h", 1)                   = 1
970   read(0, " ", 1)                   = 1
970   read(0, "t", 1)                   = 1
970   read(0, "e", 1)                   = 1
970   read(0, "s", 1)                   = 1
970   read(0, "t", 1)                   = 1
970   read(0, ".", 1)                   = 1
970   read(0, "t", 1)                   = 1
970   read(0, "x", 1)                   = 1
970   read(0, "t", 1)                   = 1
970   read(0, "\n", 1)                  = 1
970   read(0, "e", 1)                   = 1
970   read(0, "c", 1)                   = 1
970   read(0, "h", 1)                   = 1
970   read(0, "o", 1)                   = 1
970   read(0, " ", 1)                   = 1
970   read(0, "t", 1)                   = 1
970   read(0, "r", 1)                   = 1
970   read(0, "a", 1)                   = 1
970   read(0, "c", 1)                   = 1
970   read(0, "e", 1)                   = 1
970   read(0, "-", 1)                   = 1
970   read(0, "d", 1)                   = 1
970   read(0, "a", 1)                   = 1
970   read(0, "t", 1)                   = 1
970   read(0, "a", 1)                   = 1
970   read(0, " ", 1)                   = 1
970   read(0, ">", 1)                   = 1
970   read(0, " ", 1)                   = 1
970   read(0, "t", 1)                   = 1
970   read(0, "e", 1)                   = 1
970   read(0, "s", 1)                   = 1
970   read(0, "t", 1)                   = 1
970   read(0, ".", 1)                   = 1
970   read(0, "t", 1)                   = 1
970   read(0, "x", 1)                   = 1
970   read(0, "t", 1)                   = 1
970   read(0, "\n", 1)                  = 1
970   write(1, "trace-data\n", 11)      = 11
970   read(0, "c", 1)                   = 1
970   read(0, "a", 1)                   = 1
970   read(0, "t", 1)                   = 1
970   read(0, " ", 1)                   = 1
970   read(0, "t", 1)                   = 1
970   read(0, "e", 1)                   = 1
970   read(0, "s", 1)                   = 1
970   read(0, "t", 1)                   = 1
970   read(0, ".", 1)                   = 1
970   read(0, "t", 1)                   = 1
970   read(0, "x", 1)                   = 1
970   read(0, "t", 1)                   = 1
970   read(0, "\n", 1)                  = 1
970   read(3, "trace-data\n", 8192)     = 11
970   write(1, "trace-data\n", 11)      = 11
970   read(3, "", 8192)                 = 0
970   read(0, "l", 1)                   = 1
970   read(0, "s", 1)                   = 1
970   read(0, " ", 1)                   = 1
970   read(0, "-", 1)                   = 1
970   read(0, "l", 1)                   = 1
970   read(0, "\n", 1)                  = 1
971   read(3, "\177ELF\2\1\1\0\0\0\0\0\0\0\0\0\3\0>\0\1\0\0\0\0\0\0\0\0\0\0\0"..., 832) = 832
971   read(3, "\177ELF\2\1\1\3\0\0\0\0\0\0\0\0\3\0>\0\1\0\0\0\220\243\2\0\0\0\0\0"..., 832) = 832
971   read(3, "\177ELF\2\1\1\0\0\0\0\0\0\0\0\0\3\0>\0\1\0\0\0\0\0\0\0\0\0\0\0"..., 832) = 832
971   read(3, "nodev\tsysfs\nnodev\ttmpfs\nnodev\tpr"..., 1024) = 330
971   read(3, "overlay / overlay rw,relatime,lo"..., 1024) = 1023
971   read(3, "", 1024)                 = 0
971   read(3, "# Locale name alias data base.\n#"..., 4096) = 2996
971   read(3, "", 4096)                 = 0
971   read(4, "# /etc/nsswitch.conf\n#\n# Example"..., 4096) = 494
971   read(4, "", 4096)                 = 0
971   read(4, "root:x:0:0:root:/root:/bin/bash\n"..., 4096) = 1091
971   read(4, "root:x:0:\ndaemon:x:1:\nbin:x:2:\ns"..., 4096) = 537
971   read(3, "TZif2\0\0\0\0\0\0\0\0\0\0\0\0\0\0\0\0\0\0\6\0\0\0\6\0\0\0\0"..., 4096) = 2852
971   read(3, "TZif2\0\0\0\0\0\0\0\0\0\0\0\0\0\0\0\0\0\0\6\0\0\0\6\0\0\0\0"..., 4096) = 1810
971   write(1, "total 8\n-rw-r--r-- 1 root root 1"..., 103) = 103
970   read(0, "e", 1)                   = 1
970   read(0, "c", 1)                   = 1
970   read(0, "h", 1)                   = 1
970   read(0, "o", 1)                   = 1
970   read(0, " ", 1)                   = 1
970   read(0, "h", 1)                   = 1
970   read(0, "e", 1)                   = 1
970   read(0, "l", 1)                   = 1
970   read(0, "l", 1)                   = 1
970   read(0, "o", 1)                   = 1
970   read(0, " ", 1)                   = 1
970   read(0, ">", 1)                   = 1
970   read(0, " ", 1)                   = 1
970   read(0, "o", 1)                   = 1
970   read(0, "u", 1)                   = 1
970   read(0, "t", 1)                   = 1
970   read(0, ".", 1)                   = 1
970   read(0, "t", 1)                   = 1
970   read(0, "x", 1)                   = 1
970   read(0, "t", 1)                   = 1
970   read(0, "\n", 1)                  = 1
970   write(1, "hello\n", 6)            = 6
970   read(0, "e", 1)                   = 1
970   read(0, "c", 1)                   = 1
970   read(0, "h", 1)                   = 1
970   read(0, "o", 1)                   = 1
970   read(0, " ", 1)                   = 1
970   read(0, "w", 1)                   = 1
970   read(0, "o", 1)                   = 1
970   read(0, "r", 1)                   = 1
970   read(0, "l", 1)                   = 1
970   read(0, "d", 1)                   = 1
970   read(0, " ", 1)                   = 1
970   read(0, ">", 1)                   = 1
970   read(0, ">", 1)                   = 1
970   read(0, " ", 1)                   = 1
970   read(0, "o", 1)                   = 1
970   read(0, "u", 1)                   = 1
970   read(0, "t", 1)                   = 1
970   read(0, ".", 1)                   = 1
970   read(0, "t", 1)                   = 1
970   read(0, "x", 1)                   = 1
970   read(0, "t", 1)                   = 1
970   read(0, "\n", 1)                  = 1
970   write(1, "world\n", 6)            = 6
970   read(0, "c", 1)                   = 1
970   read(0, "a", 1)                   = 1
970   read(0, "t", 1)                   = 1
970   read(0, " ", 1)                   = 1
970   read(0, "<", 1)                   = 1
970   read(0, " ", 1)                   = 1
970   read(0, "o", 1)                   = 1
970   read(0, "u", 1)                   = 1
970   read(0, "t", 1)                   = 1
970   read(0, ".", 1)                   = 1
970   read(0, "t", 1)                   = 1
970   read(0, "x", 1)                   = 1
970   read(0, "t", 1)                   = 1
970   read(0, "\n", 1)                  = 1
970   read(0, "hello\nworld\n", 8192)   = 12
970   write(1, "hello\nworld\n", 12)    = 12
970   read(0, "", 8192)                 = 0
970   read(0, "l", 1)                   = 1
970   read(0, "s", 1)                   = 1
970   read(0, " ", 1)                   = 1
970   read(0, "|", 1)                   = 1
970   read(0, " ", 1)                   = 1
970   read(0, "w", 1)                   = 1
970   read(0, "c", 1)                   = 1
970   read(0, " ", 1)                   = 1
970   read(0, "-", 1)                   = 1
970   read(0, "l", 1)                   = 1
970   read(0, "\n", 1)                  = 1
973   read(3,  <unfinished ...>
972   read(3,  <unfinished ...>
972   read(3,  <unfinished ...>
972   read(3, "\177ELF\2\1\1\0\0\0\0\0\0\0\0\0\3\0>\0\1\0\0\0\0\0\0\0\0\0\0\0"..., 832) = 832
973   read(3,  <unfinished ...>
973   read(3, "", 4096)                 = 0
972   read(3,  <unfinished ...>
972   read(3,  <unfinished ...>
972   read(3,  <unfinished ...>
972   read(3,  <unfinished ...>
972   read(3,  <unfinished ...>
973   read(0,  <unfinished ...>
972   write(1, "out.txt\ntest.txt\n", 17) = 17
973   read(0,  <unfinished ...>
973   write(1, "2\n", 2)                = 2
970   read(0, "p", 1)                   = 1
970   read(0, "r", 1)                   = 1
970   read(0, "i", 1)                   = 1
970   read(0, "n", 1)                   = 1
970   read(0, "t", 1)                   = 1
970   read(0, "f", 1)                   = 1
970   read(0, " ", 1)                   = 1
970   read(0, "h", 1)                   = 1
970   read(0, "e", 1)                   = 1
970   read(0, "l", 1)                   = 1
970   read(0, "l", 1)                   = 1
970   read(0, "o", 1)                   = 1
970   read(0, " ", 1)                   = 1
970   read(0, "|", 1)                   = 1
970   read(0, " ", 1)                   = 1
970   read(0, "w", 1)                   = 1
970   read(0, "c", 1)                   = 1
970   read(0, " ", 1)                   = 1
970   read(0, "-", 1)                   = 1
970   read(0, "c", 1)                   = 1
970   read(0, "\n", 1)                  = 1
975   read(3,  <unfinished ...>
974   read(3,  <unfinished ...>
975   read(3,  <unfinished ...>
974   read(3,  <unfinished ...>
975   read(3,  <unfinished ...>
974   read(3,  <unfinished ...>
974   write(1, "hello", 5 <unfinished ...>
975   read(0,  <unfinished ...>
975   read(0, "", 16384)                = 0
975   write(1, "5\n", 2 <unfinished ...>
970   read(0, "r", 1)                   = 1
970   read(0, "m", 1)                   = 1
970   read(0, " ", 1)                   = 1
970   read(0, "t", 1)                   = 1
970   read(0, "e", 1)                   = 1
970   read(0, "s", 1)                   = 1
970   read(0, "t", 1)                   = 1
970   read(0, ".", 1)                   = 1
970   read(0, "t", 1)                   = 1
970   read(0, "x", 1)                   = 1
970   read(0, "t", 1)                   = 1
970   read(0, "\n", 1)                  = 1
970   read(0, "e", 1)                   = 1
970   read(0, "x", 1)                   = 1
970   read(0, "i", 1)                   = 1
970   read(0, "t", 1)                   = 1
970   read(0, "\n", 1)                  = 1
