1109  execve("/bin/true", ["/bin/true"], 0x7ffdeb8ddde8 /* 78 vars */) = 0
1109  brk(NULL)                         = 0x559efef22000
1109  mmap(NULL, 8192, PROT_READ|PROT_WRITE, MAP_PRIVATE|MAP_ANONYMOUS, -1, 0) = 0x7f1600725000
1109  access("/etc/ld.so.preload", R_OK) = -1 ENOENT (No such file or directory)
1109  openat(AT_FDCWD, "/etc/ld.so.cache", O_RDONLY|O_CLOEXEC) = 3
1109  fstat(3, {st_mode=S_IFREG|0644, st_size=34015, ...}) = 0
1109  mmap(NULL, 34015, PROT_READ, MAP_PRIVATE, 3, 0) = 0x7f160071c000
1109  close(3)                          = 0
1109  openat(AT_FDCWD, "/lib/x86_64-linux-gnu/libc.so.6", O_RDONLY|O_CLOEXEC) = 3
1109  read(3, "\177ELF\2\1\1\3\0\0\0\0\0\0\0\0\3\0>\0\1\0\0\0\220\243\2\0\0\0\0\0"..., 832) = 832
1109  pread64(3, "\6\0\0\0\4\0\0\0@\0\0\0\0\0\0\0@\0\0\0\0\0\0\0@\0\0\0\0\0\0\0"..., 784, 64) = 784
1109  fstat(3, {st_mode=S_IFREG|0755, st_size=2125328, ...}) = 0
1109  pread64(3, "\6\0\0\0\4\0\0\0@\0\0\0\0\0\0\0@\0\0\0\0\0\0\0@\0\0\0\0\0\0\0"..., 784, 64) = 784
1109  mmap(NULL, 2170256, PROT_READ, MAP_PRIVATE|MAP_DENYWRITE, 3, 0) = 0x7f160050a000
1109  mmap(0x7f1600532000, 1605632, PROT_READ|PROT_EXEC, MAP_PRIVATE|MAP_FIXED|MAP_DENYWRITE, 3, 0x28000) = 0x7f1600532000
1109  mmap(0x7f16006ba000, 323584, PROT_READ, MAP_PRIVATE|MAP_FIXED|MAP_DENYWRITE, 3, 0x1b0000) = 0x7f16006ba000
1109  mmap(0x7f1600709000, 24576, PROT_READ|PROT_WRITE, MAP_PRIVATE|MAP_FIXED|MAP_DENYWRITE, 3, 0x1fe000) = 0x7f1600709000
1109  mmap(0x7f160070f000, 52624, PROT_READ|PROT_WRITE, MAP_PRIVATE|MAP_FIXED|MAP_ANONYMOUS, -1, 0) = 0x7f160070f000
1109  close(3)                          = 0
1109  mmap(NULL, 12288, PROT_READ|PROT_WRITE, MAP_PRIVATE|MAP_ANONYMOUS, -1, 0) = 0x7f1600507000
1109  arch_prctl(ARCH_SET_FS, 0x7f1600507740) = 0
1109  set_tid_address(0x7f1600507a10)   = 1109
1109  set_robust_list(0x7f1600507a20, 24) = 0
1109  rseq(0x7f1600508060, 0x20, 0, 0x53053053) = 0
1109  mprotect(0x7f1600709000, 16384, PROT_READ) = 0
1109  mprotect(0x559edb77a000, 4096, PROT_READ) = 0
1109  mprotect(0x7f1600765000, 8192, PROT_READ) = 0
1109  prlimit64(0, RLIMIT_STACK, NULL, {rlim_cur=8192*1024, rlim_max=RLIM64_INFINITY}) = 0
1109  munmap(0x7f160071c000, 34015)     = 0
1109  exit_group(0)                     = ?
1109  +++ exited with 0 +++
