## cd
3774  chdir("/tmp")                     = 0

## pwd
3774  getcwd("/home/runner/work/os-2026-lab/os-2026-lab", 4096) = 42
3774  getcwd("/tmp", 4096)              = 5
3774  getcwd("/home/runner/work/os-2026-lab/os-2026-lab/tests/tmp/trace", 4096) = 58

## touch/cat
3774  openat(AT_FDCWD, "test.txt", O_WRONLY|O_CREAT, 0666) = 3
3774  openat(AT_FDCWD, "test.txt", O_WRONLY|O_CREAT|O_TRUNC, 0666) = 4
3774  openat(AT_FDCWD, "test.txt", O_RDONLY) = 3

## rm
3774  unlink("test.txt")                = 0

## external
3775  execve("/usr/bin/ls", ["ls", "-l"], 0x7fff9fa2a768 /* 122 vars */) = 0

## redirection open
3774  openat(AT_FDCWD, "out.txt", O_WRONLY|O_CREAT|O_TRUNC, 0666) = 4
3774  openat(AT_FDCWD, "out.txt", O_WRONLY|O_CREAT|O_APPEND, 0666) = 4
3774  openat(AT_FDCWD, "out.txt", O_RDONLY) = 4

## redirection dup2
3774  dup2(4, 1)                        = 1
3774  dup2(3, 1)                        = 1
3774  dup2(4, 1)                        = 1

## read
3774  read(0, "hello\nworld\n", 8192)   = 12

## write
3774  write(1, "hello\n", 6)            = 6
3774  write(1, "hello\nworld\n", 12)    = 12
3778  write(1, "hello", 5 <unfinished ...>

## pipe
3774  pipe2([3, 4], 0)                  = 0
3774  pipe2([3, 4], 0)                  = 0

## fork wrapper
3774  clone(child_stack=NULL, flags=CLONE_CHILD_CLEARTID|CLONE_CHILD_SETTID|SIGCHLD, child_tidptr=0x7fa922b5ba10) = 3775
3774  clone(child_stack=NULL, flags=CLONE_CHILD_CLEARTID|CLONE_CHILD_SETTID|SIGCHLD, child_tidptr=0x7fa922b5ba10) = 3776
3774  clone(child_stack=NULL, flags=CLONE_CHILD_CLEARTID|CLONE_CHILD_SETTID|SIGCHLD <unfinished ...>

## reaping
3774  <... wait4 resumed>[{WIFEXITED(s) && WEXITSTATUS(s) == 0}], 0, NULL) = 3775
3774  <... wait4 resumed>[{WIFEXITED(s) && WEXITSTATUS(s) == 0}], 0, NULL) = 3776
3774  <... wait4 resumed>[{WIFEXITED(s) && WEXITSTATUS(s) == 0}], 0, NULL) = 3777
