3774  execve("./myshell", ["./myshell"], 0x7ffd9f0e9d08 /* 122 vars */) = 0
3775  execve("/snap/bin/ls", ["ls", "-l"], 0x7fff9fa2a768 /* 122 vars */) = -1 ENOENT (No such file or directory)
3775  execve("/home/runner/.local/bin/ls", ["ls", "-l"], 0x7fff9fa2a768 /* 122 vars */) = -1 ENOENT (No such file or directory)
3775  execve("/opt/pipx_bin/ls", ["ls", "-l"], 0x7fff9fa2a768 /* 122 vars */) = -1 ENOENT (No such file or directory)
3775  execve("/home/runner/.cargo/bin/ls", ["ls", "-l"], 0x7fff9fa2a768 /* 122 vars */) = -1 ENOENT (No such file or directory)
3775  execve("/home/runner/.config/composer/vendor/bin/ls", ["ls", "-l"], 0x7fff9fa2a768 /* 122 vars */) = -1 ENOENT (No such file or directory)
3775  execve("/usr/local/.ghcup/bin/ls", ["ls", "-l"], 0x7fff9fa2a768 /* 122 vars */) = -1 ENOENT (No such file or directory)
3775  execve("/home/runner/.dotnet/tools/ls", ["ls", "-l"], 0x7fff9fa2a768 /* 122 vars */) = -1 ENOENT (No such file or directory)
3775  execve("/usr/local/sbin/ls", ["ls", "-l"], 0x7fff9fa2a768 /* 122 vars */) = -1 ENOENT (No such file or directory)
3775  execve("/usr/local/bin/ls", ["ls", "-l"], 0x7fff9fa2a768 /* 122 vars */) = -1 ENOENT (No such file or directory)
3775  execve("/usr/sbin/ls", ["ls", "-l"], 0x7fff9fa2a768 /* 122 vars */) = -1 ENOENT (No such file or directory)
3775  execve("/usr/bin/ls", ["ls", "-l"], 0x7fff9fa2a768 /* 122 vars */) = 0
3776  execve("/snap/bin/ls", ["ls"], 0x7fff9fa2a768 /* 122 vars */ <unfinished ...>
3776  execve("/home/runner/.local/bin/ls", ["ls"], 0x7fff9fa2a768 /* 122 vars */ <unfinished ...>
3777  execve("/snap/bin/wc", ["wc", "-l"], 0x7fff9fa2a768 /* 122 vars */ <unfinished ...>
3776  execve("/opt/pipx_bin/ls", ["ls"], 0x7fff9fa2a768 /* 122 vars */ <unfinished ...>
3777  execve("/home/runner/.local/bin/wc", ["wc", "-l"], 0x7fff9fa2a768 /* 122 vars */ <unfinished ...>
3776  execve("/home/runner/.cargo/bin/ls", ["ls"], 0x7fff9fa2a768 /* 122 vars */ <unfinished ...>
3777  execve("/opt/pipx_bin/wc", ["wc", "-l"], 0x7fff9fa2a768 /* 122 vars */ <unfinished ...>
3776  execve("/home/runner/.config/composer/vendor/bin/ls", ["ls"], 0x7fff9fa2a768 /* 122 vars */ <unfinished ...>
3777  execve("/home/runner/.cargo/bin/wc", ["wc", "-l"], 0x7fff9fa2a768 /* 122 vars */ <unfinished ...>
3776  execve("/usr/local/.ghcup/bin/ls", ["ls"], 0x7fff9fa2a768 /* 122 vars */ <unfinished ...>
3776  execve("/home/runner/.dotnet/tools/ls", ["ls"], 0x7fff9fa2a768 /* 122 vars */ <unfinished ...>
3777  execve("/home/runner/.config/composer/vendor/bin/wc", ["wc", "-l"], 0x7fff9fa2a768 /* 122 vars */ <unfinished ...>
3776  execve("/usr/local/sbin/ls", ["ls"], 0x7fff9fa2a768 /* 122 vars */ <unfinished ...>
3777  execve("/usr/local/.ghcup/bin/wc", ["wc", "-l"], 0x7fff9fa2a768 /* 122 vars */ <unfinished ...>
3776  execve("/usr/local/bin/ls", ["ls"], 0x7fff9fa2a768 /* 122 vars */ <unfinished ...>
3777  execve("/home/runner/.dotnet/tools/wc", ["wc", "-l"], 0x7fff9fa2a768 /* 122 vars */ <unfinished ...>
3776  execve("/usr/sbin/ls", ["ls"], 0x7fff9fa2a768 /* 122 vars */ <unfinished ...>
3777  execve("/usr/local/sbin/wc", ["wc", "-l"], 0x7fff9fa2a768 /* 122 vars */ <unfinished ...>
3776  execve("/usr/bin/ls", ["ls"], 0x7fff9fa2a768 /* 122 vars */ <unfinished ...>
3777  execve("/usr/local/bin/wc", ["wc", "-l"], 0x7fff9fa2a768 /* 122 vars */) = -1 ENOENT (No such file or directory)
3777  execve("/usr/sbin/wc", ["wc", "-l"], 0x7fff9fa2a768 /* 122 vars */) = -1 ENOENT (No such file or directory)
3777  execve("/usr/bin/wc", ["wc", "-l"], 0x7fff9fa2a768 /* 122 vars */ <unfinished ...>
3778  execve("/snap/bin/printf", ["printf", "hello"], 0x7fff9fa2a768 /* 122 vars */ <unfinished ...>
3779  execve("/snap/bin/wc", ["wc", "-c"], 0x7fff9fa2a768 /* 122 vars */ <unfinished ...>
3778  execve("/home/runner/.local/bin/printf", ["printf", "hello"], 0x7fff9fa2a768 /* 122 vars */ <unfinished ...>
3779  execve("/home/runner/.local/bin/wc", ["wc", "-c"], 0x7fff9fa2a768 /* 122 vars */ <unfinished ...>
3778  execve("/opt/pipx_bin/printf", ["printf", "hello"], 0x7fff9fa2a768 /* 122 vars */ <unfinished ...>
3779  execve("/opt/pipx_bin/wc", ["wc", "-c"], 0x7fff9fa2a768 /* 122 vars */ <unfinished ...>
3778  execve("/home/runner/.cargo/bin/printf", ["printf", "hello"], 0x7fff9fa2a768 /* 122 vars */ <unfinished ...>
3779  execve("/home/runner/.cargo/bin/wc", ["wc", "-c"], 0x7fff9fa2a768 /* 122 vars */ <unfinished ...>
3778  execve("/home/runner/.config/composer/vendor/bin/printf", ["printf", "hello"], 0x7fff9fa2a768 /* 122 vars */ <unfinished ...>
3779  execve("/home/runner/.config/composer/vendor/bin/wc", ["wc", "-c"], 0x7fff9fa2a768 /* 122 vars */ <unfinished ...>
3778  execve("/usr/local/.ghcup/bin/printf", ["printf", "hello"], 0x7fff9fa2a768 /* 122 vars */ <unfinished ...>
3779  execve("/usr/local/.ghcup/bin/wc", ["wc", "-c"], 0x7fff9fa2a768 /* 122 vars */ <unfinished ...>
3778  execve("/home/runner/.dotnet/tools/printf", ["printf", "hello"], 0x7fff9fa2a768 /* 122 vars */ <unfinished ...>
3779  execve("/home/runner/.dotnet/tools/wc", ["wc", "-c"], 0x7fff9fa2a768 /* 122 vars */ <unfinished ...>
3778  execve("/usr/local/sbin/printf", ["printf", "hello"], 0x7fff9fa2a768 /* 122 vars */ <unfinished ...>
3779  execve("/usr/local/sbin/wc", ["wc", "-c"], 0x7fff9fa2a768 /* 122 vars */ <unfinished ...>
3778  execve("/usr/local/bin/printf", ["printf", "hello"], 0x7fff9fa2a768 /* 122 vars */ <unfinished ...>
3779  execve("/usr/local/bin/wc", ["wc", "-c"], 0x7fff9fa2a768 /* 122 vars */ <unfinished ...>
3778  execve("/usr/sbin/printf", ["printf", "hello"], 0x7fff9fa2a768 /* 122 vars */ <unfinished ...>
3779  execve("/usr/sbin/wc", ["wc", "-c"], 0x7fff9fa2a768 /* 122 vars */ <unfinished ...>
3778  execve("/usr/bin/printf", ["printf", "hello"], 0x7fff9fa2a768 /* 122 vars */ <unfinished ...>
3779  execve("/usr/bin/wc", ["wc", "-c"], 0x7fff9fa2a768 /* 122 vars */) = 0
