3774  read(3, "\177ELF\2\1\1\3\0\0\0\0\0\0\0\0\3\0>\0\1\0\0\0\220\243\2\0\0\0\0\0"..., 832) = 832
3774  read(0, "p", 1)                   = 1
3774  read(0, "w", 1)                   = 1
3774  read(0, "d", 1)                   = 1
3774  read(0, "\n", 1)                  = 1
3774  write(1, "/home/runner/work/os-2026-lab/os"..., 42) = 42
3774  read(0, "c", 1)                   = 1
3774  read(0, "d", 1)                   = 1
3774  read(0, " ", 1)                   = 1
3774  read(0, "/", 1)                   = 1
3774  read(0, "t", 1)                   = 1
3774  read(0, "m", 1)                   = 1
3774  read(0, "p", 1)                   = 1
3774  read(0, "\n", 1)                  = 1
3774  read(0, "p", 1)                   = 1
3774  read(0, "w", 1)                   = 1
3774  read(0, "d", 1)                   = 1
3774  read(0, "\n", 1)                  = 1
3774  write(1, "/tmp\n", 5)             = 5
3774  read(0, "c", 1)                   = 1
3774  read(0, "d", 1)                   = 1
3774  read(0, " ", 1)                   = 1
3774  read(0, "/", 1)                   = 1
3774  read(0, "h", 1)                   = 1
3774  read(0, "o", 1)                   = 1
3774  read(0, "m", 1)                   = 1
3774  read(0, "e", 1)                   = 1
3774  read(0, "/", 1)                   = 1
3774  read(0, "r", 1)                   = 1
3774  read(0, "u", 1)                   = 1
3774  read(0, "n", 1)                   = 1
3774  read(0, "n", 1)                   = 1
3774  read(0, "e", 1)                   = 1
3774  read(0, "r", 1)                   = 1
3774  read(0, "/", 1)                   = 1
3774  read(0, "w", 1)                   = 1
3774  read(0, "o", 1)                   = 1
3774  read(0, "r", 1)                   = 1
3774  read(0, "k", 1)                   = 1
3774  read(0, "/", 1)                   = 1
3774  read(0, "o", 1)                   = 1
3774  read(0, "s", 1)                   = 1
3774  read(0, "-", 1)                   = 1
3774  read(0, "2", 1)                   = 1
3774  read(0, "0", 1)                   = 1
3774  read(0, "2", 1)                   = 1
3774  read(0, "6", 1)                   = 1
3774  read(0, "-", 1)                   = 1
3774  read(0, "l", 1)                   = 1
3774  read(0, "a", 1)                   = 1
3774  read(0, "b", 1)                   = 1
3774  read(0, "/", 1)                   = 1
3774  read(0, "o", 1)                   = 1
3774  read(0, "s", 1)                   = 1
3774  read(0, "-", 1)                   = 1
3774  read(0, "2", 1)                   = 1
3774  read(0, "0", 1)                   = 1
3774  read(0, "2", 1)                   = 1
3774  read(0, "6", 1)                   = 1
3774  read(0, "-", 1)                   = 1
3774  read(0, "l", 1)                   = 1
3774  read(0, "a", 1)                   = 1
3774  read(0, "b", 1)                   = 1
3774  read(0, "/", 1)                   = 1
3774  read(0, "t", 1)                   = 1
3774  read(0, "e", 1)                   = 1
3774  read(0, "s", 1)                   = 1
3774  read(0, "t", 1)                   = 1
3774  read(0, "s", 1)                   = 1
3774  read(0, "/", 1)                   = 1
3774  read(0, "t", 1)                   = 1
3774  read(0, "m", 1)                   = 1
3774  read(0, "p", 1)                   = 1
3774  read(0, "/", 1)                   = 1
3774  read(0, "t", 1)                   = 1
3774  read(0, "r", 1)                   = 1
3774  read(0, "a", 1)                   = 1
3774  read(0, "c", 1)                   = 1
3774  read(0, "e", 1)                   = 1
3774  read(0, "\n", 1)                  = 1
3774  read(0, "p", 1)                   = 1
3774  read(0, "w", 1)                   = 1
3774  read(0, "d", 1)                   = 1
3774  read(0, "\n", 1)                  = 1
3774  write(1, "/home/runner/work/os-2026-lab/os"..., 58) = 58
3774  read(0, "t", 1)                   = 1
3774  read(0, "o", 1)                   = 1
3774  read(0, "u", 1)                   = 1
3774  read(0, "c", 1)                   = 1
3774  read(0, "h", 1)                   = 1
3774  read(0, " ", 1)                   = 1
3774  read(0, "t", 1)                   = 1
3774  read(0, "e", 1)                   = 1
3774  read(0, "s", 1)                   = 1
3774  read(0, "t", 1)                   = 1
3774  read(0, ".", 1)                   = 1
3774  read(0, "t", 1)                   = 1
3774  read(0, "x", 1)                   = 1
3774  read(0, "t", 1)                   = 1
3774  read(0, "\n", 1)                  = 1
3774  read(0, "e", 1)                   = 1
3774  read(0, "c", 1)                   = 1
3774  read(0, "h", 1)                   = 1
3774  read(0, "o", 1)                   = 1
3774  read(0, " ", 1)                   = 1
3774  read(0, "t", 1)                   = 1
3774  read(0, "r", 1)                   = 1
3774  read(0, "a", 1)                   = 1
3774  read(0, "c", 1)                   = 1
3774  read(0, "e", 1)                   = 1
3774  read(0, "-", 1)                   = 1
3774  read(0, "d", 1)                   = 1
3774  read(0, "a", 1)                   = 1
3774  read(0, "t", 1)                   = 1
3774  read(0, "a", 1)                   = 1
3774  read(0, " ", 1)                   = 1
3774  read(0, ">", 1)                   = 1
3774  read(0, " ", 1)                   = 1
3774  read(0, "t", 1)                   = 1
3774  read(0, "e", 1)                   = 1
3774  read(0, "s", 1)                   = 1
3774  read(0, "t", 1)                   = 1
3774  read(0, ".", 1)                   = 1
3774  read(0, "t", 1)                   = 1
3774  read(0, "x", 1)                   = 1
3774  read(0, "t", 1)                   = 1
3774  read(0, "\n", 1)                  = 1
3774  write(1, "trace-data\n", 11)      = 11
3774  read(0, "c", 1)                   = 1
3774  read(0, "a", 1)                   = 1
3774  read(0, "t", 1)                   = 1
3774  read(0, " ", 1)                   = 1
3774  read(0, "t", 1)                   = 1
3774  read(0, "e", 1)                   = 1
3774  read(0, "s", 1)                   = 1
3774  read(0, "t", 1)                   = 1
3774  read(0, ".", 1)                   = 1
3774  read(0, "t", 1)                   = 1
3774  read(0, "x", 1)                   = 1
3774  read(0, "t", 1)                   = 1
3774  read(0, "\n", 1)                  = 1
3774  read(3, "trace-data\n", 8192)     = 11
3774  write(1, "trace-data\n", 11)      = 11
3774  read(3, "", 8192)                 = 0
3774  read(0, "l", 1)                   = 1
3774  read(0, "s", 1)                   = 1
3774  read(0, " ", 1)                   = 1
3774  read(0, "-", 1)                   = 1
3774  read(0, "l", 1)                   = 1
3774  read(0, "\n", 1)                  = 1
3775  read(3, "\177ELF\2\1\1\0\0\0\0\0\0\0\0\0\3\0>\0\1\0\0\0\0\0\0\0\0\0\0\0"..., 832) = 832
3775  read(3, "\177ELF\2\1\1\3\0\0\0\0\0\0\0\0\3\0>\0\1\0\0\0\220\243\2\0\0\0\0\0"..., 832) = 832
3775  read(3, "\177ELF\2\1\1\0\0\0\0\0\0\0\0\0\3\0>\0\1\0\0\0\0\0\0\0\0\0\0\0"..., 832) = 832
3775  read(3, "nodev\tsysfs\nnodev\ttmpfs\nnodev\tbd"..., 1024) = 394
3775  read(3, "", 1024)                 = 0
3775  read(3, "# Locale name alias data base.\n#"..., 4096) = 2996
3775  read(3, "", 4096)                 = 0
3775  read(4, "# /etc/nsswitch.conf\n#\n# Example"..., 4096) = 526
3775  read(4, "", 4096)                 = 0
3775  read(4, "root:x:0:0:root:/root:/bin/bash\n"..., 4096) = 2125
3775  read(4, "root:x:0:\ndaemon:x:1:\nbin:x:2:\ns"..., 4096) = 1010
3775  read(3, "TZif2\0\0\0\0\0\0\0\0\0\0\0\0\0\0\0\0\0\0\0\0\0\0\0\0\0\0\0"..., 4096) = 114
3775  read(3, "TZif2\0\0\0\0\0\0\0\0\0\0\0\0\0\0\0\0\0\0\0\0\0\0\0\0\0\0\0"..., 4096) = 60
3775  write(1, "total 8\n-rw-r--r-- 1 runner runn"..., 111) = 111
3774  read(0, "e", 1)                   = 1
3774  read(0, "c", 1)                   = 1
3774  read(0, "h", 1)                   = 1
3774  read(0, "o", 1)                   = 1
3774  read(0, " ", 1)                   = 1
3774  read(0, "h", 1)                   = 1
3774  read(0, "e", 1)                   = 1
3774  read(0, "l", 1)                   = 1
3774  read(0, "l", 1)                   = 1
3774  read(0, "o", 1)                   = 1
3774  read(0, " ", 1)                   = 1
3774  read(0, ">", 1)                   = 1
3774  read(0, " ", 1)                   = 1
3774  read(0, "o", 1)                   = 1
3774  read(0, "u", 1)                   = 1
3774  read(0, "t", 1)                   = 1
3774  read(0, ".", 1)                   = 1
3774  read(0, "t", 1)                   = 1
3774  read(0, "x", 1)                   = 1
3774  read(0, "t", 1)                   = 1
3774  read(0, "\n", 1)                  = 1
3774  write(1, "hello\n", 6)            = 6
3774  read(0, "e", 1)                   = 1
3774  read(0, "c", 1)                   = 1
3774  read(0, "h", 1)                   = 1
3774  read(0, "o", 1)                   = 1
3774  read(0, " ", 1)                   = 1
3774  read(0, "w", 1)                   = 1
3774  read(0, "o", 1)                   = 1
3774  read(0, "r", 1)                   = 1
3774  read(0, "l", 1)                   = 1
3774  read(0, "d", 1)                   = 1
3774  read(0, " ", 1)                   = 1
3774  read(0, ">", 1)                   = 1
3774  read(0, ">", 1)                   = 1
3774  read(0, " ", 1)                   = 1
3774  read(0, "o", 1)                   = 1
3774  read(0, "u", 1)                   = 1
3774  read(0, "t", 1)                   = 1
3774  read(0, ".", 1)                   = 1
3774  read(0, "t", 1)                   = 1
3774  read(0, "x", 1)                   = 1
3774  read(0, "t", 1)                   = 1
3774  read(0, "\n", 1)                  = 1
3774  write(1, "world\n", 6)            = 6
3774  read(0, "c", 1)                   = 1
3774  read(0, "a", 1)                   = 1
3774  read(0, "t", 1)                   = 1
3774  read(0, " ", 1)                   = 1
3774  read(0, "<", 1)                   = 1
3774  read(0, " ", 1)                   = 1
3774  read(0, "o", 1)                   = 1
3774  read(0, "u", 1)                   = 1
3774  read(0, "t", 1)                   = 1
3774  read(0, ".", 1)                   = 1
3774  read(0, "t", 1)                   = 1
3774  read(0, "x", 1)                   = 1
3774  read(0, "t", 1)                   = 1
3774  read(0, "\n", 1)                  = 1
3774  read(0, "hello\nworld\n", 8192)   = 12
3774  write(1, "hello\nworld\n", 12)    = 12
3774  read(0, "", 8192)                 = 0
3774  read(0, "l", 1)                   = 1
3774  read(0, "s", 1)                   = 1
3774  read(0, " ", 1)                   = 1
3774  read(0, "|", 1)                   = 1
3774  read(0, " ", 1)                   = 1
3774  read(0, "w", 1)                   = 1
3774  read(0, "c", 1)                   = 1
3774  read(0, " ", 1)                   = 1
3774  read(0, "-", 1)                   = 1
3774  read(0, "l", 1)                   = 1
3774  read(0, "\n", 1)                  = 1
3776  read(3,  <unfinished ...>
3777  read(3, "\177ELF\2\1\1\3\0\0\0\0\0\0\0\0\3\0>\0\1\0\0\0\220\243\2\0\0\0\0\0"..., 832) = 832
3776  read(3,  <unfinished ...>
3776  read(3,  <unfinished ...>
3777  read(3,  <unfinished ...>
3777  read(3,  <unfinished ...>
3776  read(3,  <unfinished ...>
3776  read(3,  <unfinished ...>
3776  read(3,  <unfinished ...>
3776  read(3,  <unfinished ...>
3777  read(0,  <unfinished ...>
3776  write(1, "out.txt\ntest.txt\n", 17) = 17
3777  read(0,  <unfinished ...>
3777  write(1, "2\n", 2 <unfinished ...>
3774  read(0, "p", 1)                   = 1
3774  read(0, "r", 1)                   = 1
3774  read(0, "i", 1)                   = 1
3774  read(0, "n", 1)                   = 1
3774  read(0, "t", 1)                   = 1
3774  read(0, "f", 1)                   = 1
3774  read(0, " ", 1)                   = 1
3774  read(0, "h", 1)                   = 1
3774  read(0, "e", 1)                   = 1
3774  read(0, "l", 1)                   = 1
3774  read(0, "l", 1)                   = 1
3774  read(0, "o", 1)                   = 1
3774  read(0, " ", 1)                   = 1
3774  read(0, "|", 1)                   = 1
3774  read(0, " ", 1)                   = 1
3774  read(0, "w", 1)                   = 1
3774  read(0, "c", 1)                   = 1
3774  read(0, " ", 1)                   = 1
3774  read(0, "-", 1)                   = 1
3774  read(0, "c", 1)                   = 1
3774  read(0, "\n", 1)                  = 1
3779  read(3,  <unfinished ...>
3778  read(3,  <unfinished ...>
3779  read(3,  <unfinished ...>
3779  read(3,  <unfinished ...>
3778  read(3,  <unfinished ...>
3778  read(3,  <unfinished ...>
3779  read(0,  <unfinished ...>
3778  write(1, "hello", 5 <unfinished ...>
3779  read(0,  <unfinished ...>
3779  write(1, "5\n", 2 <unfinished ...>
3774  read(0, "r", 1)                   = 1
3774  read(0, "m", 1)                   = 1
3774  read(0, " ", 1)                   = 1
3774  read(0, "t", 1)                   = 1
3774  read(0, "e", 1)                   = 1
3774  read(0, "s", 1)                   = 1
3774  read(0, "t", 1)                   = 1
3774  read(0, ".", 1)                   = 1
3774  read(0, "t", 1)                   = 1
3774  read(0, "x", 1)                   = 1
3774  read(0, "t", 1)                   = 1
3774  read(0, "\n", 1)                  = 1
3774  read(0, "e", 1)                   = 1
3774  read(0, "x", 1)                   = 1
3774  read(0, "i", 1)                   = 1
3774  read(0, "t", 1)                   = 1
3774  read(0, "\n", 1)                  = 1
