1278  read(3, "\177ELF\2\1\1\3\0\0\0\0\0\0\0\0\3\0>\0\1\0\0\0\220\243\2\0\0\0\0\0"..., 832) = 832
1278  read(0, "p", 1)                   = 1
1278  read(0, "w", 1)                   = 1
1278  read(0, "d", 1)                   = 1
1278  read(0, "\n", 1)                  = 1
1278  write(1, "/workspace/scratch/876e69c55179/"..., 40) = 40
1278  read(0, "c", 1)                   = 1
1278  read(0, "d", 1)                   = 1
1278  read(0, " ", 1)                   = 1
1278  read(0, "/", 1)                   = 1
1278  read(0, "t", 1)                   = 1
1278  read(0, "m", 1)                   = 1
1278  read(0, "p", 1)                   = 1
1278  read(0, "\n", 1)                  = 1
1278  read(0, "p", 1)                   = 1
1278  read(0, "w", 1)                   = 1
1278  read(0, "d", 1)                   = 1
1278  read(0, "\n", 1)                  = 1
1278  write(1, "/tmp\n", 5)             = 5
1278  read(0, "c", 1)                   = 1
1278  read(0, "d", 1)                   = 1
1278  read(0, " ", 1)                   = 1
1278  read(0, "/", 1)                   = 1
1278  read(0, "w", 1)                   = 1
1278  read(0, "o", 1)                   = 1
1278  read(0, "r", 1)                   = 1
1278  read(0, "k", 1)                   = 1
1278  read(0, "s", 1)                   = 1
1278  read(0, "p", 1)                   = 1
1278  read(0, "a", 1)                   = 1
1278  read(0, "c", 1)                   = 1
1278  read(0, "e", 1)                   = 1
1278  read(0, "/", 1)                   = 1
1278  read(0, "s", 1)                   = 1
1278  read(0, "c", 1)                   = 1
1278  read(0, "r", 1)                   = 1
1278  read(0, "a", 1)                   = 1
1278  read(0, "t", 1)                   = 1
1278  read(0, "c", 1)                   = 1
1278  read(0, "h", 1)                   = 1
1278  read(0, "/", 1)                   = 1
1278  read(0, "8", 1)                   = 1
1278  read(0, "7", 1)                   = 1
1278  read(0, "6", 1)                   = 1
1278  read(0, "e", 1)                   = 1
1278  read(0, "6", 1)                   = 1
1278  read(0, "9", 1)                   = 1
1278  read(0, "c", 1)                   = 1
1278  read(0, "5", 1)                   = 1
1278  read(0, "5", 1)                   = 1
1278  read(0, "1", 1)                   = 1
1278  read(0, "7", 1)                   = 1
1278  read(0, "9", 1)                   = 1
1278  read(0, "/", 1)                   = 1
1278  read(0, "m", 1)                   = 1
1278  read(0, "y", 1)                   = 1
1278  read(0, "s", 1)                   = 1
1278  read(0, "h", 1)                   = 1
1278  read(0, "e", 1)                   = 1
1278  read(0, "l", 1)                   = 1
1278  read(0, "l", 1)                   = 1
1278  read(0, "/", 1)                   = 1
1278  read(0, "t", 1)                   = 1
1278  read(0, "e", 1)                   = 1
1278  read(0, "s", 1)                   = 1
1278  read(0, "t", 1)                   = 1
1278  read(0, "s", 1)                   = 1
1278  read(0, "/", 1)                   = 1
1278  read(0, "t", 1)                   = 1
1278  read(0, "m", 1)                   = 1
1278  read(0, "p", 1)                   = 1
1278  read(0, "/", 1)                   = 1
1278  read(0, "t", 1)                   = 1
1278  read(0, "r", 1)                   = 1
1278  read(0, "a", 1)                   = 1
1278  read(0, "c", 1)                   = 1
1278  read(0, "e", 1)                   = 1
1278  read(0, "\n", 1)                  = 1
1278  read(0, "p", 1)                   = 1
1278  read(0, "w", 1)                   = 1
1278  read(0, "d", 1)                   = 1
1278  read(0, "\n", 1)                  = 1
1278  write(1, "/workspace/scratch/876e69c55179/"..., 56) = 56
1278  read(0, "t", 1)                   = 1
1278  read(0, "o", 1)                   = 1
1278  read(0, "u", 1)                   = 1
1278  read(0, "c", 1)                   = 1
1278  read(0, "h", 1)                   = 1
1278  read(0, " ", 1)                   = 1
1278  read(0, "t", 1)                   = 1
1278  read(0, "e", 1)                   = 1
1278  read(0, "s", 1)                   = 1
1278  read(0, "t", 1)                   = 1
1278  read(0, ".", 1)                   = 1
1278  read(0, "t", 1)                   = 1
1278  read(0, "x", 1)                   = 1
1278  read(0, "t", 1)                   = 1
1278  read(0, "\n", 1)                  = 1
1278  read(0, "e", 1)                   = 1
1278  read(0, "c", 1)                   = 1
1278  read(0, "h", 1)                   = 1
1278  read(0, "o", 1)                   = 1
1278  read(0, " ", 1)                   = 1
1278  read(0, "t", 1)                   = 1
1278  read(0, "r", 1)                   = 1
1278  read(0, "a", 1)                   = 1
1278  read(0, "c", 1)                   = 1
1278  read(0, "e", 1)                   = 1
1278  read(0, "-", 1)                   = 1
1278  read(0, "d", 1)                   = 1
1278  read(0, "a", 1)                   = 1
1278  read(0, "t", 1)                   = 1
1278  read(0, "a", 1)                   = 1
1278  read(0, " ", 1)                   = 1
1278  read(0, ">", 1)                   = 1
1278  read(0, " ", 1)                   = 1
1278  read(0, "t", 1)                   = 1
1278  read(0, "e", 1)                   = 1
1278  read(0, "s", 1)                   = 1
1278  read(0, "t", 1)                   = 1
1278  read(0, ".", 1)                   = 1
1278  read(0, "t", 1)                   = 1
1278  read(0, "x", 1)                   = 1
1278  read(0, "t", 1)                   = 1
1278  read(0, "\n", 1)                  = 1
1278  write(1, "trace-data\n", 11)      = 11
1278  read(0, "c", 1)                   = 1
1278  read(0, "a", 1)                   = 1
1278  read(0, "t", 1)                   = 1
1278  read(0, " ", 1)                   = 1
1278  read(0, "t", 1)                   = 1
1278  read(0, "e", 1)                   = 1
1278  read(0, "s", 1)                   = 1
1278  read(0, "t", 1)                   = 1
1278  read(0, ".", 1)                   = 1
1278  read(0, "t", 1)                   = 1
1278  read(0, "x", 1)                   = 1
1278  read(0, "t", 1)                   = 1
1278  read(0, "\n", 1)                  = 1
1278  read(3, "trace-data\n", 8192)     = 11
1278  write(1, "trace-data\n", 11)      = 11
1278  read(3, "", 8192)                 = 0
1278  read(0, "l", 1)                   = 1
1278  read(0, "s", 1)                   = 1
1278  read(0, " ", 1)                   = 1
1278  read(0, "-", 1)                   = 1
1278  read(0, "l", 1)                   = 1
1278  read(0, "\n", 1)                  = 1
1279  read(3, "\177ELF\2\1\1\0\0\0\0\0\0\0\0\0\3\0>\0\1\0\0\0\0\0\0\0\0\0\0\0"..., 832) = 832
1279  read(3, "\177ELF\2\1\1\3\0\0\0\0\0\0\0\0\3\0>\0\1\0\0\0\220\243\2\0\0\0\0\0"..., 832) = 832
1279  read(3, "\177ELF\2\1\1\0\0\0\0\0\0\0\0\0\3\0>\0\1\0\0\0\0\0\0\0\0\0\0\0"..., 832) = 832
1279  read(3, "nodev\tsysfs\nnodev\ttmpfs\nnodev\tpr"..., 1024) = 330
1279  read(3, "overlay / overlay rw,relatime,lo"..., 1024) = 1023
1279  read(3, "", 1024)                 = 0
1279  read(3, "# Locale name alias data base.\n#"..., 4096) = 2996
1279  read(3, "", 4096)                 = 0
1279  read(4, "# /etc/nsswitch.conf\n#\n# Example"..., 4096) = 494
1279  read(4, "", 4096)                 = 0
1279  read(4, "root:x:0:0:root:/root:/bin/bash\n"..., 4096) = 1091
1279  read(4, "root:x:0:\ndaemon:x:1:\nbin:x:2:\ns"..., 4096) = 537
1279  read(3, "TZif2\0\0\0\0\0\0\0\0\0\0\0\0\0\0\0\0\0\0\6\0\0\0\6\0\0\0\0"..., 4096) = 3552
1279  read(3, "TZif2\0\0\0\0\0\0\0\0\0\0\0\0\0\0\0\0\0\0\6\0\0\0\6\0\0\0\0"..., 4096) = 2260
1279  write(1, "total 4\n-rw-r--r-- 1 root root 1"..., 56) = 56
1278  read(0, "e", 1)                   = 1
1278  read(0, "c", 1)                   = 1
1278  read(0, "h", 1)                   = 1
1278  read(0, "o", 1)                   = 1
1278  read(0, " ", 1)                   = 1
1278  read(0, "h", 1)                   = 1
1278  read(0, "e", 1)                   = 1
1278  read(0, "l", 1)                   = 1
1278  read(0, "l", 1)                   = 1
1278  read(0, "o", 1)                   = 1
1278  read(0, " ", 1)                   = 1
1278  read(0, ">", 1)                   = 1
1278  read(0, " ", 1)                   = 1
1278  read(0, "o", 1)                   = 1
1278  read(0, "u", 1)                   = 1
1278  read(0, "t", 1)                   = 1
1278  read(0, ".", 1)                   = 1
1278  read(0, "t", 1)                   = 1
1278  read(0, "x", 1)                   = 1
1278  read(0, "t", 1)                   = 1
1278  read(0, "\n", 1)                  = 1
1278  write(1, "hello\n", 6)            = 6
1278  read(0, "e", 1)                   = 1
1278  read(0, "c", 1)                   = 1
1278  read(0, "h", 1)                   = 1
1278  read(0, "o", 1)                   = 1
1278  read(0, " ", 1)                   = 1
1278  read(0, "w", 1)                   = 1
1278  read(0, "o", 1)                   = 1
1278  read(0, "r", 1)                   = 1
1278  read(0, "l", 1)                   = 1
1278  read(0, "d", 1)                   = 1
1278  read(0, " ", 1)                   = 1
1278  read(0, ">", 1)                   = 1
1278  read(0, ">", 1)                   = 1
1278  read(0, " ", 1)                   = 1
1278  read(0, "o", 1)                   = 1
1278  read(0, "u", 1)                   = 1
1278  read(0, "t", 1)                   = 1
1278  read(0, ".", 1)                   = 1
1278  read(0, "t", 1)                   = 1
1278  read(0, "x", 1)                   = 1
1278  read(0, "t", 1)                   = 1
1278  read(0, "\n", 1)                  = 1
1278  write(1, "world\n", 6)            = 6
1278  read(0, "c", 1)                   = 1
1278  read(0, "a", 1)                   = 1
1278  read(0, "t", 1)                   = 1
1278  read(0, " ", 1)                   = 1
1278  read(0, "<", 1)                   = 1
1278  read(0, " ", 1)                   = 1
1278  read(0, "o", 1)                   = 1
1278  read(0, "u", 1)                   = 1
1278  read(0, "t", 1)                   = 1
1278  read(0, ".", 1)                   = 1
1278  read(0, "t", 1)                   = 1
1278  read(0, "x", 1)                   = 1
1278  read(0, "t", 1)                   = 1
1278  read(0, "\n", 1)                  = 1
1278  read(0, "hello\nworld\n", 8192)   = 12
1278  write(1, "hello\nworld\n", 12)    = 12
1278  read(0, "", 8192)                 = 0
1278  read(0, "l", 1)                   = 1
1278  read(0, "s", 1)                   = 1
1278  read(0, " ", 1)                   = 1
1278  read(0, "|", 1)                   = 1
1278  read(0, " ", 1)                   = 1
1278  read(0, "w", 1)                   = 1
1278  read(0, "c", 1)                   = 1
1278  read(0, " ", 1)                   = 1
1278  read(0, "-", 1)                   = 1
1278  read(0, "l", 1)                   = 1
1278  read(0, "\n", 1)                  = 1
1282  read(3,  <unfinished ...>
1281  read(3,  <unfinished ...>
1281  read(3,  <unfinished ...>
1281  read(3, "\177ELF\2\1\1\0\0\0\0\0\0\0\0\0\3\0>\0\1\0\0\0\0\0\0\0\0\0\0\0"..., 832) = 832
1282  read(3,  <unfinished ...>
1282  read(3,  <unfinished ...>
1281  read(3,  <unfinished ...>
1281  read(3,  <unfinished ...>
1281  read(3,  <unfinished ...>
1281  read(3,  <unfinished ...>
1281  read(3,  <unfinished ...>
1282  read(0,  <unfinished ...>
1281  write(1, "out.txt\ntest.txt\n", 17) = 17
1282  read(0, "", 16320)                = 0
1282  write(1, "2\n", 2)                = 2
1278  read(0, "p", 1)                   = 1
1278  read(0, "r", 1)                   = 1
1278  read(0, "i", 1)                   = 1
1278  read(0, "n", 1)                   = 1
1278  read(0, "t", 1)                   = 1
1278  read(0, "f", 1)                   = 1
1278  read(0, " ", 1)                   = 1
1278  read(0, "h", 1)                   = 1
1278  read(0, "e", 1)                   = 1
1278  read(0, "l", 1)                   = 1
1278  read(0, "l", 1)                   = 1
1278  read(0, "o", 1)                   = 1
1278  read(0, " ", 1)                   = 1
1278  read(0, "|", 1)                   = 1
1278  read(0, " ", 1)                   = 1
1278  read(0, "w", 1)                   = 1
1278  read(0, "c", 1)                   = 1
1278  read(0, " ", 1)                   = 1
1278  read(0, "-", 1)                   = 1
1278  read(0, "c", 1)                   = 1
1278  read(0, "\n", 1)                  = 1
1284  read(3,  <unfinished ...>
1283  read(3,  <unfinished ...>
1284  read(3,  <unfinished ...>
1284  read(3,  <unfinished ...>
1283  read(3,  <unfinished ...>
1283  read(3,  <unfinished ...>
1284  read(0,  <unfinished ...>
1283  write(1, "hello", 5)              = 5
1284  read(0,  <unfinished ...>
1284  write(1, "5\n", 2 <unfinished ...>
1278  read(0, "r", 1)                   = 1
1278  read(0, "m", 1)                   = 1
1278  read(0, " ", 1)                   = 1
1278  read(0, "t", 1)                   = 1
1278  read(0, "e", 1)                   = 1
1278  read(0, "s", 1)                   = 1
1278  read(0, "t", 1)                   = 1
1278  read(0, ".", 1)                   = 1
1278  read(0, "t", 1)                   = 1
1278  read(0, "x", 1)                   = 1
1278  read(0, "t", 1)                   = 1
1278  read(0, "\n", 1)                  = 1
1278  read(0, "e", 1)                   = 1
1278  read(0, "x", 1)                   = 1
1278  read(0, "i", 1)                   = 1
1278  read(0, "t", 1)                   = 1
1278  read(0, "\n", 1)                  = 1
