1278  dup2(4, 1)                        = 1
1278  dup2(3, 1)                        = 1
1278  clone(child_stack=NULL, flags=CLONE_CHILD_CLEARTID|CLONE_CHILD_SETTID|SIGCHLD, child_tidptr=0x7fb56f023a10) = 1279
1278  wait4(1279,  <unfinished ...>
1278  dup2(4, 1)                        = 1
1278  dup2(3, 1)                        = 1
1278  dup2(4, 1)                        = 1
1278  dup2(3, 1)                        = 1
1278  dup2(4, 0)                        = 0
1278  dup2(3, 0)                        = 0
1278  pipe2([3, 4], 0)                  = 0
1278  clone(child_stack=NULL, flags=CLONE_CHILD_CLEARTID|CLONE_CHILD_SETTID|SIGCHLD, child_tidptr=0x7fb56f023a10) = 1281
1278  clone(child_stack=NULL, flags=CLONE_CHILD_CLEARTID|CLONE_CHILD_SETTID|SIGCHLD <unfinished ...>
1281  dup2(4, 1 <unfinished ...>
1282  dup2(3, 0 <unfinished ...>
1278  wait4(1281,  <unfinished ...>
1278  wait4(1282,  <unfinished ...>
1278  pipe2([3, 4], 0)                  = 0
1278  clone(child_stack=NULL, flags=CLONE_CHILD_CLEARTID|CLONE_CHILD_SETTID|SIGCHLD, child_tidptr=0x7fb56f023a10) = 1283
1278  clone(child_stack=NULL, flags=CLONE_CHILD_CLEARTID|CLONE_CHILD_SETTID|SIGCHLD <unfinished ...>
1283  dup2(4, 1)                        = 1
1278  wait4(1283,  <unfinished ...>
1284  dup2(3, 0 <unfinished ...>
1278  wait4(1284,  <unfinished ...>
