## cd
1278  chdir("/tmp")                     = 0

## pwd
1278  getcwd("/workspace/scratch/876e69c55179/myshell", 4096) = 40
1278  getcwd("/tmp", 4096)              = 5
1278  getcwd("/workspace/scratch/876e69c55179/myshell/tests/tmp/trace", 4096) = 56

## touch/cat
1278  openat(AT_FDCWD, "test.txt", O_WRONLY|O_CREAT, 0666) = 3
1278  openat(AT_FDCWD, "test.txt", O_WRONLY|O_CREAT|O_TRUNC, 0666) = 4
1278  openat(AT_FDCWD, "test.txt", O_RDONLY) = 3

## rm
1278  unlink("test.txt")                = 0

## external
1279  execve("/usr/bin/ls", ["ls", "-l"], 0x7ffe5c3c5788 /* 79 vars */) = 0

## redirection open
1278  openat(AT_FDCWD, "out.txt", O_WRONLY|O_CREAT|O_TRUNC, 0666) = 4
1278  openat(AT_FDCWD, "out.txt", O_WRONLY|O_CREAT|O_APPEND, 0666) = 4
1278  openat(AT_FDCWD, "out.txt", O_RDONLY) = 4

## redirection dup2
1278  dup2(4, 1)                        = 1
1278  dup2(3, 1)                        = 1
1278  dup2(4, 1)                        = 1

## read
1278  read(0, "hello\nworld\n", 8192)   = 12

## write
1278  write(1, "hello\n", 6)            = 6
1278  write(1, "hello\nworld\n", 12)    = 12
1283  write(1, "hello", 5)              = 5

## pipe
1278  pipe2([3, 4], 0)                  = 0
1278  pipe2([3, 4], 0)                  = 0

## fork wrapper
1278  clone(child_stack=NULL, flags=CLONE_CHILD_CLEARTID|CLONE_CHILD_SETTID|SIGCHLD, child_tidptr=0x7fb56f023a10) = 1279
1278  clone(child_stack=NULL, flags=CLONE_CHILD_CLEARTID|CLONE_CHILD_SETTID|SIGCHLD, child_tidptr=0x7fb56f023a10) = 1281
1278  clone(child_stack=NULL, flags=CLONE_CHILD_CLEARTID|CLONE_CHILD_SETTID|SIGCHLD <unfinished ...>

## reaping
1278  <... wait4 resumed>[{WIFEXITED(s) && WEXITSTATUS(s) == 0}], 0, NULL) = 1279
1278  <... wait4 resumed>[{WIFEXITED(s) && WEXITSTATUS(s) == 0}], 0, NULL) = 1281
1278  <... wait4 resumed>[{WIFEXITED(s) && WEXITSTATUS(s) == 0}], 0, NULL) = 1282

