OS LAB 1 | Wang Xusheng | 24281204 | Agent Linux run
Stage: 06-cd | UTC: 2026-10-07T04:59:09Z
$ printf %s 'pwd
cd /tmp
pwd
cd /not_exist
pwd
exit
' | script -q -e -c ./myshell /dev/null
pwd
cd /tmp
pwd
cd /not_exist
pwd
exit
[OS-LAB1] myshell$ /home/runner/work/os-2026-lab/os-2026-lab
[OS-LAB1] myshell$ [OS-LAB1] myshell$ /tmp
[OS-LAB1] myshell$ cd: No such file or directory
[OS-LAB1] myshell$ /tmp
[OS-LAB1] myshell$ 
[actual stage exit status: 0]
Screenshot capture point; terminal held open