OS LAB 1 | Wang Xusheng | 24281204 | Agent Linux run
Stage: 07-files | UTC: 2026-10-07T04:59:10Z
$ printf %s 'touch screenshot-demo.txt
echo data > screenshot-demo.txt
cat screenshot-demo.txt
rm screenshot-demo.txt
cat screenshot-demo.txt
echo alive
exit
' | script -q -e -c ./myshell /dev/null
touch screenshot-demo.txt
echo data > screenshot-demo.txt
cat screenshot-demo.txt
rm screenshot-demo.txt
cat screenshot-demo.txt
echo alive
exit
[OS-LAB1] myshell$ [OS-LAB1] myshell$ [OS-LAB1] myshell$ data
[OS-LAB1] myshell$ [OS-LAB1] myshell$ screenshot-demo.txt: No such file or directory
[OS-LAB1] myshell$ alive
[OS-LAB1] myshell$ 
[actual stage exit status: 0]
Screenshot capture point; terminal held open