OS LAB 1 | Wang Xusheng | 24281204 | Agent Linux run
Stage: 08-redirection | UTC: 2026-10-07T04:59:11Z
$ printf %s 'echo hello > screenshot-out.txt
echo world >> screenshot-out.txt
cat < screenshot-out.txt
cat screenshot-out.txt
exit
' | script -q -e -c ./myshell /dev/null
echo hello > screenshot-out.txt
echo world >> screenshot-out.txt
cat < screenshot-out.txt
cat screenshot-out.txt
exit
[OS-LAB1] myshell$ [OS-LAB1] myshell$ [OS-LAB1] myshell$ hello
world
[OS-LAB1] myshell$ hello
world
[OS-LAB1] myshell$ 
[actual stage exit status: 0]
Screenshot capture point; terminal held open